// Jest Snapshot v1, https://goo.gl/fbAQLP

exports[`Diagnostic testing files diagnostic.yml 1`] = `
DiagnosticList {
  "list": [
    {
      "data": [],
      "message": "Cannot find declaration for step slack/notify",
      "range": {
        "end": {
          "character": 20,
          "line": 24,
        },
        "start": {
          "character": 8,
          "line": 24,
        },
      },
      "severity": 1,
      "source": "cci-language-server",
    },
    {
      "data": [
        {
          "edit": {
            "changes": {
              "file:///home/abraham/projects/yaml-language-server/test-files/.circleci/diagnostic.yml": [
                {
                  "newText": "4.12.0",
                  "range": {
                    "end": {
                      "character": 29,
                      "line": 4,
                    },
                    "start": {
                      "character": 24,
                      "line": 4,
                    },
                  },
                },
              ],
            },
          },
          "kind": "quickfix",
          "title": "Update to last minor",
        },
        {
          "edit": {
            "changes": {
              "file:///home/abraham/projects/yaml-language-server/test-files/.circleci/diagnostic.yml": [
                {
                  "newText": "4.12.0",
                  "range": {
                    "end": {
                      "character": 29,
                      "line": 4,
                    },
                    "start": {
                      "character": 24,
                      "line": 4,
                    },
                  },
                },
              ],
            },
          },
          "kind": "quickfix",
          "title": "Update to last version",
        },
      ],
      "message": "A newer minor version exists.
- Current: 4.4.4
- Latest:  4.12.0",
      "range": {
        "end": {
          "character": 29,
          "line": 4,
        },
        "start": {
          "character": 2,
          "line": 4,
        },
      },
      "severity": 3,
      "source": "cci-language-server",
    },
  ],
}
`;
